<html>
<body>
<pre>
<h1>µVision Build Log</h1>
<h2>Project:</h2>
Z:\play\touch\STM32_USB_touc\Projects\Virtual_COM_Port\MDK-ARM\VirtualCOMPort.uvproj
Project File Date:  01/21/2013

<h2>Output:</h2>
Rebuild target 'STM3210E-EVAL'
compiling misc.c...
compiling hw_config.c...
compiling main.c...
compiling usb_desc.c...
compiling usb_endp.c...
compiling usb_istr.c...
compiling usb_prop.c...
compiling usb_pwr.c...
compiling stm32_it.c...
compiling system_stm32f10x.c...
assembling startup_stm32f10x_hd.s...
compiling usb_core.c...
compiling usb_init.c...
compiling usb_int.c...
compiling usb_mem.c...
compiling usb_regs.c...
compiling usb_sil.c...
compiling stm32f10x_usart.c...
compiling stm32f10x_gpio.c...
compiling stm32f10x_rcc.c...
compiling stm32f10x_flash.c...
compiling stm32f10x_exti.c...
compiling stm32f10x_spi.c...
compiling stm32f10x_dma.c...
compiling stm32f10x_i2c.c...
compiling stm32f10x_sdio.c...
compiling stm3210e_eval.c...
linking...
Program Size: Code=7172 RO-data=684 RW-data=408 ZI-data=3216  
".\STM3210E-EVAL\STM3210E-EVAL.axf" - 0 Error(s), 0 Warning(s).
